[backblue.gif]
[fade.gif]
[index.html]
[www.w3schools.com/images/w3schools_logo_436_2.png]
[www.w3schools.com/apple-touch-icon.png]
[www.w3schools.com/favicon-32x32.png]
[www.w3schools.com/favicon-16x16.png]
[www.w3schools.com/lib/uic3447.js]
[cdn.snigelweb.com/adengine/w3schools.com/loader.js]
[www.w3schools.com/lib/common-deps3447.js]
[www.w3schools.com/lib/user-session4fae.js]
[www.w3schools.com/lib/my-learning/main41be.js]
[www.w3schools.com/html/html_intro.html]
[www.w3schools.com/lib/topnav/main44e3.css]
[www.w3schools.com/lib/my-learning/main5ab0.css]
[www.w3schools.com/images/colorpicker2000.png]
[www.w3schools.com/lib/pathfinder/main2c70.css]
[www.w3schools.com/lib/w3schools32f700.css]
[www.w3schools.com/plus/plans/main.css]
[www.googletagmanager.com/gtm5445.html]
[www.w3schools.com/html/python/index.html]
[www.w3schools.com/html/numpy/index.html]
[www.w3schools.com/html/pandas/index.html]
[www.w3schools.com/html/scipy/index.html]
[www.w3schools.com/html/default.html]
[www.w3schools.com/html/w3.html]
[www.w3schools.com/html/w3-2.html]
[www.w3schools.com/html/node.html]
[www.w3schools.com/html/html_exercises.html]
[www.w3schools.com/html/html_quiz.html]
[www.w3schools.com/html/html_lists.html]
[www.w3schools.com/html/html_lists_ordered.html]
[www.w3schools.com/html/html_lists_unordered.html]
[www.w3schools.com/html/html_links.html]
[www.w3schools.com/html/html_tables.html]
[www.w3schools.com/html/html_responsive.html]
[www.w3schools.com/html/html_table_borders.html]
[www.w3schools.com/html/html_table_headers.html]
[www.w3schools.com/html/html_div.html]
[www.w3schools.com/html/html_blocks.html]
[www.w3schools.com/html/html_form_input_types.html]
[www.w3schools.com/html/html_bootcamp.html]
[www.w3schools.com/html/html_form_attributes.html]
[www.w3schools.com/html/html_forms.html]
[www.w3schools.com/html/html_form_elements.html]
[www.w3schools.com/html/html_accessibility.html]
[www.w3schools.com/html/html_forms_attributes.html]
[www.w3schools.com/html/img_chrome.png]
[www.w3schools.com/html/html_images.html]
[www.w3schools.com/html/xrcise_intro.js]
[www.w3schools.com/html/images/yt_logo_rgb_dark.png]
[www.w3schools.com/html/images/01_html_introduction.png]
[www.w3schools.com/images/img_fullaccess_up_sep1_green_300.png]
[www.w3schools.com/html/html_images_imagemap.html]
[www.w3schools.com/lib/topnav/maine5ea.js]
[www.w3schools.com/lib/w3schools_footera602.js]
[www.w3schools.com/lib/w3schools_features0dce.js]
[www.w3schools.com/lib/pathfinder/image/lynx-path-left-side.png]
[www.w3schools.com/html/html_images_background.html]
[www.w3schools.com/lib/fonts/source-code-pro-v14-latin-regular.eot]
[www.w3schools.com/lib/pathfinder/image/lynx-path-right-side.png]
[www.w3schools.com/html/html_table_padding_spacing.html]
[www.w3schools.com/lib/fonts/source-code-pro-v14-latin-regulard41d.eot]
[www.w3schools.com/lib/fonts/source-code-pro-v14-latin-regular.woff2]
[www.w3schools.com/lib/fonts/source-code-pro-v14-latin-regular.woff]
[www.w3schools.com/lib/fonts/source-code-pro-v14-latin-regular.ttf]
[www.w3schools.com/lib/fonts/roboto-mono-v13-latin-500.eot]
[www.w3schools.com/html/html_table_colspan_rowspan.html]
[www.w3schools.com/lib/fonts/roboto-mono-v13-latin-500d41d.eot]
[www.w3schools.com/lib/fonts/roboto-mono-v13-latin-500.woff2]
[www.w3schools.com/lib/fonts/roboto-mono-v13-latin-500.woff]
[www.w3schools.com/lib/fonts/roboto-mono-v13-latin-500.ttf]
[www.w3schools.com/html/html_colors.html]
[www.w3schools.com/lib/fonts/SourceSansPro-Regular.eot]
[www.w3schools.com/lib/fonts/SourceSansPro-Regulard41d.eot]
[www.w3schools.com/lib/fonts/SourceSansPro-Regular.woff2]
[www.w3schools.com/lib/fonts/SourceSansPro-Regular.woff]
[www.w3schools.com/lib/fonts/SourceSansPro-Regular.ttf]
[www.w3schools.com/html/html_layout.html]
[www.w3schools.com/lib/fonts/source-sans-pro-v14-latin-700.eot]
[www.w3schools.com/lib/fonts/source-sans-pro-v14-latin-700d41d.eot]
[www.w3schools.com/lib/fonts/source-sans-pro-v14-latin-700.woff2]
[www.w3schools.com/html/html_links_bookmarks.html]
[www.w3schools.com/lib/fonts/source-sans-pro-v14-latin-700.ttf]
[www.w3schools.com/lib/fonts/source-sans-pro-v14-latin-600.eot]
[www.w3schools.com/html/html_editors.html]
[www.w3schools.com/lib/fonts/source-sans-pro-v14-latin-700.woff]
[www.w3schools.com/html/html_basic.html]
[www.w3schools.com/html/html_elements.html]
